[backblue.gif]
[fade.gif]
[index.html]
[www.jsoneditoronline.org/favicon.ico]
[www.jsoneditoronline.org/asset/jsoneditor/jsoneditor.min.js]
[www.jsoneditoronline.org/asset/ace/ace.js]
[www.jsoneditoronline.org/app-min.js]
[www.jsoneditoronline.org/img/logo.png]
[pagead2.googlesyndication.com/pagead/js/f.txt]
[www.jsoneditoronline.org/HISTORY.md]
[www.jsoneditoronline.org/datapolicy.txt]
[www.jsoneditoronline.org/asset/jsonlint/jsonlint.js]
[www.jsoneditoronline.org/index.html]
[www.jsoneditoronline.org/doc/img/main_menu.png]
[www.jsoneditoronline.org/doc/img/splitter.png]
[www.jsoneditoronline.org/doc/img/code_editor.png]
[www.jsoneditoronline.org/doc/img/tree_editor.png]
[www.jsoneditoronline.org/doc/img/button_dragarea.png]
[www.jsoneditoronline.org/doc/img/actions_menu.png]
[www.jsoneditoronline.org/doc/index.html]
[www.jsoneditoronline.org/doc/img/button_actions_menu.png]
[www.jsoneditoronline.org/img/header_background.png]
[www.jsoneditoronline.org/asset/jsoneditor/img/jsoneditor-icons.png]
[www.jsoneditoronline.org/app-min.css]
[pagead2.googlesyndication.com/pagead/js/f.txt]
[www.jsoneditoronline.org/asset/jsoneditor/jsoneditor.min.css]
[www.jsoneditoronline.org/doc/index.html]
[www.jsoneditoronline.org/doc/doc.css]
